Total number of active bins         = 20
Average number of cells in the bins = 819
Maximum number of cells in the bins = 8152
Minimum number of cells in the bins = 1

BIN[  7] = 848
BIN[  8] = 1655
BIN[  9] = 3354
BIN[ 10] = 8152
BIN[ 16] = 47
BIN[ 17] = 581
BIN[ 18] = 91
BIN[ 26] = 75
BIN[ 27] = 339
BIN[ 36] = 111
BIN[ 37] = 190
BIN[ 46] = 146
BIN[ 47] = 82
BIN[ 55] = 78
BIN[ 56] = 109
BIN[ 66] = 159
BIN[ 77] = 135
BIN[ 88] = 122
BIN[ 99] = 109
BIN[110] = 1
